[2025-10-27T23:35:59.781+0000][gc,heap] Heap region size: 1M
[2025-10-27T23:35:59.903+0000][gc     ] Using G1
[2025-10-27T23:35:59.903+0000][gc,heap,coops] Heap address: 0x00000000c0000000, size: 1024 MB, Compressed Oops mode: 32-bit
[2025-10-27T23:36:10.234+0000][gc,start     ] GC(0) Pause Young (Normal) (G1 Evacuation Pause)
[2025-10-27T23:36:10.234+0000][gc,task      ] GC(0) Using 1 workers of 1 for evacuation
[2025-10-27T23:36:10.314+0000][gc,mmu       ] GC(0) MMU target violated: 21,0ms (20,0ms/21,0ms)
[2025-10-27T23:36:10.314+0000][gc,phases    ] GC(0)   Pre Evacuate Collection Set: 0,1ms
[2025-10-27T23:36:10.314+0000][gc,phases    ] GC(0)   Evacuate Collection Set: 78,0ms
[2025-10-27T23:36:10.314+0000][gc,phases    ] GC(0)   Post Evacuate Collection Set: 1,8ms
[2025-10-27T23:36:10.315+0000][gc,phases    ] GC(0)   Other: 0,6ms
[2025-10-27T23:36:10.315+0000][gc,heap      ] GC(0) Eden regions: 51->0(44)
[2025-10-27T23:36:10.315+0000][gc,heap      ] GC(0) Survivor regions: 0->7(7)
[2025-10-27T23:36:10.315+0000][gc,heap      ] GC(0) Old regions: 0->1
[2025-10-27T23:36:10.315+0000][gc,heap      ] GC(0) Humongous regions: 0->0
[2025-10-27T23:36:10.315+0000][gc,metaspace ] GC(0) Metaspace: 13960K(14720K)->13960K(14720K) NonClass: 12248K(12800K)->12248K(12800K) Class: 1711K(1920K)->1711K(1920K)
[2025-10-27T23:36:10.315+0000][gc           ] GC(0) Pause Young (Normal) (G1 Evacuation Pause) 51M->7M(1024M) 81,028ms
[2025-10-27T23:36:10.315+0000][gc,cpu       ] GC(0) User=0,06s Sys=0,01s Real=0,08s
[2025-10-27T23:36:15.055+0000][gc,start     ] GC(1) Pause Young (Concurrent Start) (Metadata GC Threshold)
[2025-10-27T23:36:15.055+0000][gc,task      ] GC(1) Using 1 workers of 1 for evacuation
[2025-10-27T23:36:15.166+0000][gc,mmu       ] GC(1) MMU target violated: 21,0ms (20,0ms/21,0ms)
[2025-10-27T23:36:15.166+0000][gc,phases    ] GC(1)   Pre Evacuate Collection Set: 1,4ms
[2025-10-27T23:36:15.166+0000][gc,phases    ] GC(1)   Evacuate Collection Set: 108,0ms
[2025-10-27T23:36:15.166+0000][gc,phases    ] GC(1)   Post Evacuate Collection Set: 1,2ms
[2025-10-27T23:36:15.166+0000][gc,phases    ] GC(1)   Other: 0,9ms
[2025-10-27T23:36:15.166+0000][gc,heap      ] GC(1) Eden regions: 30->0(50)
[2025-10-27T23:36:15.166+0000][gc,heap      ] GC(1) Survivor regions: 7->1(7)
[2025-10-27T23:36:15.166+0000][gc,heap      ] GC(1) Old regions: 1->8
[2025-10-27T23:36:15.166+0000][gc,heap      ] GC(1) Humongous regions: 0->0
[2025-10-27T23:36:15.166+0000][gc,metaspace ] GC(1) Metaspace: 20568K(21248K)->20568K(21248K) NonClass: 18079K(18432K)->18079K(18432K) Class: 2489K(2816K)->2489K(2816K)
[2025-10-27T23:36:15.167+0000][gc           ] GC(1) Pause Young (Concurrent Start) (Metadata GC Threshold) 37M->8M(1024M) 112,003ms
[2025-10-27T23:36:15.167+0000][gc,cpu       ] GC(1) User=0,09s Sys=0,02s Real=0,11s
[2025-10-27T23:36:15.167+0000][gc           ] GC(2) Concurrent Cycle
[2025-10-27T23:36:15.167+0000][gc,marking   ] GC(2) Concurrent Clear Claimed Marks
[2025-10-27T23:36:15.167+0000][gc,marking   ] GC(2) Concurrent Clear Claimed Marks 0,113ms
[2025-10-27T23:36:15.167+0000][gc,marking   ] GC(2) Concurrent Scan Root Regions
[2025-10-27T23:36:15.175+0000][gc,marking   ] GC(2) Concurrent Scan Root Regions 8,299ms
[2025-10-27T23:36:15.175+0000][gc,marking   ] GC(2) Concurrent Mark (15,411s)
[2025-10-27T23:36:15.175+0000][gc,marking   ] GC(2) Concurrent Mark From Roots
[2025-10-27T23:36:15.175+0000][gc,task      ] GC(2) Using 1 workers of 1 for marking
[2025-10-27T23:36:15.270+0000][gc,marking   ] GC(2) Concurrent Mark From Roots 94,632ms
[2025-10-27T23:36:15.270+0000][gc,marking   ] GC(2) Concurrent Preclean
[2025-10-27T23:36:15.270+0000][gc,marking   ] GC(2) Concurrent Preclean 0,344ms
[2025-10-27T23:36:15.270+0000][gc,marking   ] GC(2) Concurrent Mark (15,411s, 15,506s) 95,136ms
[2025-10-27T23:36:15.273+0000][gc,start     ] GC(2) Pause Remark
[2025-10-27T23:36:15.305+0000][gc,stringtable] GC(2) Cleaned string and symbol table, strings: 9728 processed, 0 removed, symbols: 53591 processed, 47 removed
[2025-10-27T23:36:15.306+0000][gc,mmu        ] GC(2) MMU target violated: 21,0ms (20,0ms/21,0ms)
[2025-10-27T23:36:15.307+0000][gc            ] GC(2) Pause Remark 9M->9M(1024M) 33,910ms
[2025-10-27T23:36:15.307+0000][gc,cpu        ] GC(2) User=0,03s Sys=0,00s Real=0,03s
[2025-10-27T23:36:15.309+0000][gc,marking    ] GC(2) Concurrent Rebuild Remembered Sets
[2025-10-27T23:36:15.338+0000][gc,marking    ] GC(2) Concurrent Rebuild Remembered Sets 29,709ms
[2025-10-27T23:36:15.339+0000][gc,start      ] GC(2) Pause Cleanup
[2025-10-27T23:36:15.340+0000][gc            ] GC(2) Pause Cleanup 10M->10M(1024M) 0,977ms
[2025-10-27T23:36:15.340+0000][gc,cpu        ] GC(2) User=0,00s Sys=0,00s Real=0,00s
[2025-10-27T23:36:15.343+0000][gc,marking    ] GC(2) Concurrent Cleanup for Next Mark
[2025-10-27T23:36:15.503+0000][gc,marking    ] GC(2) Concurrent Cleanup for Next Mark 160,178ms
[2025-10-27T23:36:15.503+0000][gc            ] GC(2) Concurrent Cycle 336,424ms
[2025-10-27T23:36:22.259+0000][gc,start      ] GC(3) Pause Young (Normal) (G1 Evacuation Pause)
[2025-10-27T23:36:22.259+0000][gc,task       ] GC(3) Using 1 workers of 1 for evacuation
[2025-10-27T23:36:22.304+0000][gc,mmu        ] GC(3) MMU target violated: 21,0ms (20,0ms/21,0ms)
[2025-10-27T23:36:22.305+0000][gc,phases     ] GC(3)   Pre Evacuate Collection Set: 0,5ms
[2025-10-27T23:36:22.305+0000][gc,phases     ] GC(3)   Evacuate Collection Set: 43,1ms
[2025-10-27T23:36:22.305+0000][gc,phases     ] GC(3)   Post Evacuate Collection Set: 1,1ms
[2025-10-27T23:36:22.305+0000][gc,phases     ] GC(3)   Other: 0,9ms
[2025-10-27T23:36:22.305+0000][gc,heap       ] GC(3) Eden regions: 50->0(46)
[2025-10-27T23:36:22.305+0000][gc,heap       ] GC(3) Survivor regions: 1->5(7)
[2025-10-27T23:36:22.305+0000][gc,heap       ] GC(3) Old regions: 8->8
[2025-10-27T23:36:22.305+0000][gc,heap       ] GC(3) Humongous regions: 129->129
[2025-10-27T23:36:22.305+0000][gc,metaspace  ] GC(3) Metaspace: 28355K(29696K)->28355K(29696K) NonClass: 25056K(25856K)->25056K(25856K) Class: 3298K(3840K)->3298K(3840K)
[2025-10-27T23:36:22.305+0000][gc            ] GC(3) Pause Young (Normal) (G1 Evacuation Pause) 187M->141M(1024M) 45,849ms
[2025-10-27T23:36:22.305+0000][gc,cpu        ] GC(3) User=0,04s Sys=0,00s Real=0,05s
[2025-10-27T23:36:26.824+0000][gc,start      ] GC(4) Pause Young (Concurrent Start) (Metadata GC Threshold)
[2025-10-27T23:36:26.824+0000][gc,task       ] GC(4) Using 1 workers of 1 for evacuation
[2025-10-27T23:36:26.917+0000][gc,mmu        ] GC(4) MMU target violated: 21,0ms (20,0ms/21,0ms)
[2025-10-27T23:36:26.917+0000][gc,phases     ] GC(4)   Pre Evacuate Collection Set: 0,4ms
[2025-10-27T23:36:26.917+0000][gc,phases     ] GC(4)   Evacuate Collection Set: 84,5ms
[2025-10-27T23:36:26.917+0000][gc,phases     ] GC(4)   Post Evacuate Collection Set: 2,2ms
[2025-10-27T23:36:26.917+0000][gc,phases     ] GC(4)   Other: 6,4ms
[2025-10-27T23:36:26.917+0000][gc,heap       ] GC(4) Eden regions: 33->0(48)
[2025-10-27T23:36:26.917+0000][gc,heap       ] GC(4) Survivor regions: 5->3(7)
[2025-10-27T23:36:26.917+0000][gc,heap       ] GC(4) Old regions: 8->12
[2025-10-27T23:36:26.917+0000][gc,heap       ] GC(4) Humongous regions: 129->129
[2025-10-27T23:36:26.917+0000][gc,metaspace  ] GC(4) Metaspace: 34404K(35840K)->34404K(35840K) NonClass: 30404K(31232K)->30404K(31232K) Class: 4000K(4608K)->4000K(4608K)
[2025-10-27T23:36:26.917+0000][gc            ] GC(4) Pause Young (Concurrent Start) (Metadata GC Threshold) 173M->143M(1024M) 93,663ms
[2025-10-27T23:36:26.917+0000][gc,cpu        ] GC(4) User=0,07s Sys=0,01s Real=0,09s
[2025-10-27T23:36:26.922+0000][gc            ] GC(5) Concurrent Cycle
[2025-10-27T23:36:26.922+0000][gc,marking    ] GC(5) Concurrent Clear Claimed Marks
[2025-10-27T23:36:26.922+0000][gc,marking    ] GC(5) Concurrent Clear Claimed Marks 0,227ms
[2025-10-27T23:36:26.922+0000][gc,marking    ] GC(5) Concurrent Scan Root Regions
[2025-10-27T23:36:26.968+0000][gc,marking    ] GC(5) Concurrent Scan Root Regions 45,423ms
[2025-10-27T23:36:26.968+0000][gc,marking    ] GC(5) Concurrent Mark (27,203s)
[2025-10-27T23:36:26.968+0000][gc,marking    ] GC(5) Concurrent Mark From Roots
[2025-10-27T23:36:26.968+0000][gc,task       ] GC(5) Using 1 workers of 1 for marking
[2025-10-27T23:36:27.377+0000][gc,marking    ] GC(5) Concurrent Mark From Roots 409,636ms
[2025-10-27T23:36:27.378+0000][gc,marking    ] GC(5) Concurrent Preclean
[2025-10-27T23:36:27.378+0000][gc,marking    ] GC(5) Concurrent Preclean 0,228ms
[2025-10-27T23:36:27.378+0000][gc,marking    ] GC(5) Concurrent Mark (27,203s, 27,613s) 410,237ms
[2025-10-27T23:36:27.381+0000][gc,start      ] GC(5) Pause Remark
[2025-10-27T23:36:27.441+0000][gc,stringtable] GC(5) Cleaned string and symbol table, strings: 14630 processed, 10 removed, symbols: 86217 processed, 14 removed
[2025-10-27T23:36:27.443+0000][gc,mmu        ] GC(5) MMU target violated: 21,0ms (20,0ms/21,0ms)
[2025-10-27T23:36:27.443+0000][gc            ] GC(5) Pause Remark 146M->146M(1024M) 62,619ms
[2025-10-27T23:36:27.443+0000][gc,cpu        ] GC(5) User=0,06s Sys=0,00s Real=0,07s
[2025-10-27T23:36:27.445+0000][gc,marking    ] GC(5) Concurrent Rebuild Remembered Sets
[2025-10-27T23:36:27.578+0000][gc,marking    ] GC(5) Concurrent Rebuild Remembered Sets 132,972ms
[2025-10-27T23:36:27.581+0000][gc,start      ] GC(5) Pause Cleanup
[2025-10-27T23:36:27.582+0000][gc            ] GC(5) Pause Cleanup 147M->147M(1024M) 1,092ms
[2025-10-27T23:36:27.582+0000][gc,cpu        ] GC(5) User=0,00s Sys=0,00s Real=0,00s
[2025-10-27T23:36:27.583+0000][gc,marking    ] GC(5) Concurrent Cleanup for Next Mark
[2025-10-27T23:36:28.034+0000][gc,marking    ] GC(5) Concurrent Cleanup for Next Mark 450,692ms
[2025-10-27T23:36:28.034+0000][gc            ] GC(5) Concurrent Cycle 1111,870ms
[2025-10-28T00:03:39.260+0000][gc,start      ] GC(6) Pause Young (Concurrent Start) (G1 Evacuation Pause)
[2025-10-28T00:03:39.261+0000][gc,task       ] GC(6) Using 1 workers of 1 for evacuation
[2025-10-28T00:03:39.370+0000][gc,mmu        ] GC(6) MMU target violated: 21,0ms (20,0ms/21,0ms)
[2025-10-28T00:03:39.370+0000][gc,phases     ] GC(6)   Pre Evacuate Collection Set: 0,5ms
[2025-10-28T00:03:39.370+0000][gc,phases     ] GC(6)   Evacuate Collection Set: 97,1ms
[2025-10-28T00:03:39.370+0000][gc,phases     ] GC(6)   Post Evacuate Collection Set: 11,3ms
[2025-10-28T00:03:39.371+0000][gc,phases     ] GC(6)   Other: 1,3ms
[2025-10-28T00:03:39.371+0000][gc,heap       ] GC(6) Eden regions: 48->0(47)
[2025-10-28T00:03:39.371+0000][gc,heap       ] GC(6) Survivor regions: 3->4(7)
[2025-10-28T00:03:39.371+0000][gc,heap       ] GC(6) Old regions: 12->12
[2025-10-28T00:03:39.371+0000][gc,heap       ] GC(6) Humongous regions: 129->129
[2025-10-28T00:03:39.371+0000][gc,metaspace  ] GC(6) Metaspace: 40082K(42368K)->40082K(42368K) NonClass: 34943K(36096K)->34943K(36096K) Class: 5138K(6272K)->5138K(6272K)
[2025-10-28T00:03:39.371+0000][gc            ] GC(6) Pause Young (Concurrent Start) (G1 Evacuation Pause) 191M->144M(1024M) 110,322ms
[2025-10-28T00:03:39.371+0000][gc,cpu        ] GC(6) User=0,09s Sys=0,01s Real=0,10s
[2025-10-28T00:03:39.371+0000][gc            ] GC(7) Concurrent Cycle
[2025-10-28T00:03:39.371+0000][gc,marking    ] GC(7) Concurrent Clear Claimed Marks
[2025-10-28T00:03:39.371+0000][gc,marking    ] GC(7) Concurrent Clear Claimed Marks 0,550ms
[2025-10-28T00:03:39.372+0000][gc,marking    ] GC(7) Concurrent Scan Root Regions
[2025-10-28T00:03:39.457+0000][gc,marking    ] GC(7) Concurrent Scan Root Regions 85,761ms
[2025-10-28T00:03:39.457+0000][gc,marking    ] GC(7) Concurrent Mark (1659,693s)
[2025-10-28T00:03:39.457+0000][gc,marking    ] GC(7) Concurrent Mark From Roots
[2025-10-28T00:03:39.458+0000][gc,task       ] GC(7) Using 1 workers of 1 for marking
[2025-10-28T00:03:39.618+0000][gc,marking    ] GC(7) Concurrent Mark From Roots 160,952ms
[2025-10-28T00:03:39.619+0000][gc,marking    ] GC(7) Concurrent Preclean
[2025-10-28T00:03:39.619+0000][gc,marking    ] GC(7) Concurrent Preclean 0,395ms
[2025-10-28T00:03:39.619+0000][gc,marking    ] GC(7) Concurrent Mark (1659,693s, 1659,854s) 161,537ms
[2025-10-28T00:03:39.620+0000][gc,start      ] GC(7) Pause Remark
[2025-10-28T00:03:39.788+0000][gc,stringtable] GC(7) Cleaned string and symbol table, strings: 15456 processed, 252 removed, symbols: 92955 processed, 3 removed
[2025-10-28T00:03:39.790+0000][gc,mmu        ] GC(7) MMU target violated: 21,0ms (20,0ms/21,0ms)
[2025-10-28T00:03:39.790+0000][gc            ] GC(7) Pause Remark 145M->145M(1024M) 170,055ms
[2025-10-28T00:03:39.790+0000][gc,cpu        ] GC(7) User=0,15s Sys=0,02s Real=0,17s
[2025-10-28T00:03:39.800+0000][gc,marking    ] GC(7) Concurrent Rebuild Remembered Sets
[2025-10-28T00:03:39.868+0000][gc,marking    ] GC(7) Concurrent Rebuild Remembered Sets 67,388ms
[2025-10-28T00:03:39.869+0000][gc,start      ] GC(7) Pause Cleanup
[2025-10-28T00:03:39.870+0000][gc            ] GC(7) Pause Cleanup 145M->145M(1024M) 1,625ms
[2025-10-28T00:03:39.870+0000][gc,cpu        ] GC(7) User=0,00s Sys=0,00s Real=0,00s
[2025-10-28T00:03:39.870+0000][gc,marking    ] GC(7) Concurrent Cleanup for Next Mark
[2025-10-28T00:03:39.888+0000][gc,marking    ] GC(7) Concurrent Cleanup for Next Mark 17,353ms
[2025-10-28T00:03:39.888+0000][gc            ] GC(7) Concurrent Cycle 516,994ms
[2025-10-28T00:49:44.261+0000][gc,start      ] GC(8) Pause Young (Normal) (G1 Evacuation Pause)
[2025-10-28T00:49:44.261+0000][gc,task       ] GC(8) Using 1 workers of 1 for evacuation
[2025-10-28T00:49:44.307+0000][gc,mmu        ] GC(8) MMU target violated: 21,0ms (20,0ms/21,0ms)
[2025-10-28T00:49:44.307+0000][gc,phases     ] GC(8)   Pre Evacuate Collection Set: 0,9ms
[2025-10-28T00:49:44.308+0000][gc,phases     ] GC(8)   Evacuate Collection Set: 43,4ms
[2025-10-28T00:49:44.308+0000][gc,phases     ] GC(8)   Post Evacuate Collection Set: 1,6ms
[2025-10-28T00:49:44.308+0000][gc,phases     ] GC(8)   Other: 1,2ms
[2025-10-28T00:49:44.308+0000][gc,heap       ] GC(8) Eden regions: 47->0(46)
[2025-10-28T00:49:44.308+0000][gc,heap       ] GC(8) Survivor regions: 4->5(7)
[2025-10-28T00:49:44.308+0000][gc,heap       ] GC(8) Old regions: 12->12
[2025-10-28T00:49:44.308+0000][gc,heap       ] GC(8) Humongous regions: 129->129
[2025-10-28T00:49:44.308+0000][gc,metaspace  ] GC(8) Metaspace: 41648K(44032K)->41648K(44032K) NonClass: 36434K(37632K)->36434K(37632K) Class: 5213K(6400K)->5213K(6400K)
[2025-10-28T00:49:44.308+0000][gc            ] GC(8) Pause Young (Normal) (G1 Evacuation Pause) 191M->145M(1024M) 47,375ms
[2025-10-28T00:49:44.308+0000][gc,cpu        ] GC(8) User=0,04s Sys=0,00s Real=0,04s
[2025-10-28T01:10:51.446+0000][gc,heap,exit  ] Heap
[2025-10-28T01:10:51.446+0000][gc,heap,exit  ]  garbage-first heap   total 1048576K, used 182500K [0x00000000c0000000, 0x0000000100000000)
[2025-10-28T01:10:51.446+0000][gc,heap,exit  ]   region size 1024K, 40 young (40960K), 5 survivors (5120K)
[2025-10-28T01:10:51.446+0000][gc,heap,exit  ]  Metaspace       used 42532K, capacity 44992K, committed 45056K, reserved 1087488K
[2025-10-28T01:10:51.446+0000][gc,heap,exit  ]   class space    used 5440K, capacity 6645K, committed 6656K, reserved 1048576K
