[2025-10-27T03:25:41.016+0000][gc,heap] Heap region size: 1M
[2025-10-27T03:25:41.134+0000][gc     ] Using G1
[2025-10-27T03:25:41.134+0000][gc,heap,coops] Heap address: 0x00000000c0000000, size: 1024 MB, Compressed Oops mode: 32-bit
[2025-10-27T03:25:49.630+0000][gc,start     ] GC(0) Pause Young (Normal) (G1 Evacuation Pause)
[2025-10-27T03:25:49.630+0000][gc,task      ] GC(0) Using 1 workers of 1 for evacuation
[2025-10-27T03:25:49.697+0000][gc,mmu       ] GC(0) MMU target violated: 21,0ms (20,0ms/21,0ms)
[2025-10-27T03:25:49.697+0000][gc,phases    ] GC(0)   Pre Evacuate Collection Set: 0,1ms
[2025-10-27T03:25:49.697+0000][gc,phases    ] GC(0)   Evacuate Collection Set: 64,2ms
[2025-10-27T03:25:49.697+0000][gc,phases    ] GC(0)   Post Evacuate Collection Set: 1,4ms
[2025-10-27T03:25:49.697+0000][gc,phases    ] GC(0)   Other: 0,8ms
[2025-10-27T03:25:49.697+0000][gc,heap      ] GC(0) Eden regions: 51->0(44)
[2025-10-27T03:25:49.697+0000][gc,heap      ] GC(0) Survivor regions: 0->7(7)
[2025-10-27T03:25:49.697+0000][gc,heap      ] GC(0) Old regions: 0->1
[2025-10-27T03:25:49.697+0000][gc,heap      ] GC(0) Humongous regions: 0->0
[2025-10-27T03:25:49.697+0000][gc,metaspace ] GC(0) Metaspace: 13967K(14720K)->13967K(14720K) NonClass: 12252K(12800K)->12252K(12800K) Class: 1714K(1920K)->1714K(1920K)
[2025-10-27T03:25:49.697+0000][gc           ] GC(0) Pause Young (Normal) (G1 Evacuation Pause) 51M->7M(1024M) 66,985ms
[2025-10-27T03:25:49.697+0000][gc,cpu       ] GC(0) User=0,04s Sys=0,02s Real=0,07s
[2025-10-27T03:25:53.741+0000][gc,start     ] GC(1) Pause Young (Concurrent Start) (Metadata GC Threshold)
[2025-10-27T03:25:53.741+0000][gc,task      ] GC(1) Using 1 workers of 1 for evacuation
[2025-10-27T03:25:53.816+0000][gc,mmu       ] GC(1) MMU target violated: 21,0ms (20,0ms/21,0ms)
[2025-10-27T03:25:53.816+0000][gc,phases    ] GC(1)   Pre Evacuate Collection Set: 0,3ms
[2025-10-27T03:25:53.816+0000][gc,phases    ] GC(1)   Evacuate Collection Set: 72,4ms
[2025-10-27T03:25:53.816+0000][gc,phases    ] GC(1)   Post Evacuate Collection Set: 1,0ms
[2025-10-27T03:25:53.816+0000][gc,phases    ] GC(1)   Other: 1,3ms
[2025-10-27T03:25:53.816+0000][gc,heap      ] GC(1) Eden regions: 30->0(50)
[2025-10-27T03:25:53.816+0000][gc,heap      ] GC(1) Survivor regions: 7->1(7)
[2025-10-27T03:25:53.816+0000][gc,heap      ] GC(1) Old regions: 1->8
[2025-10-27T03:25:53.816+0000][gc,heap      ] GC(1) Humongous regions: 0->0
[2025-10-27T03:25:53.816+0000][gc,metaspace ] GC(1) Metaspace: 20513K(21248K)->20513K(21248K) NonClass: 18031K(18432K)->18031K(18432K) Class: 2481K(2816K)->2481K(2816K)
[2025-10-27T03:25:53.816+0000][gc           ] GC(1) Pause Young (Concurrent Start) (Metadata GC Threshold) 37M->8M(1024M) 75,243ms
[2025-10-27T03:25:53.817+0000][gc,cpu       ] GC(1) User=0,05s Sys=0,01s Real=0,08s
[2025-10-27T03:25:53.817+0000][gc           ] GC(2) Concurrent Cycle
[2025-10-27T03:25:53.817+0000][gc,marking   ] GC(2) Concurrent Clear Claimed Marks
[2025-10-27T03:25:53.817+0000][gc,marking   ] GC(2) Concurrent Clear Claimed Marks 0,118ms
[2025-10-27T03:25:53.817+0000][gc,marking   ] GC(2) Concurrent Scan Root Regions
[2025-10-27T03:25:53.832+0000][gc,marking   ] GC(2) Concurrent Scan Root Regions 14,904ms
[2025-10-27T03:25:53.832+0000][gc,marking   ] GC(2) Concurrent Mark (12,829s)
[2025-10-27T03:25:53.832+0000][gc,marking   ] GC(2) Concurrent Mark From Roots
[2025-10-27T03:25:53.832+0000][gc,task      ] GC(2) Using 1 workers of 1 for marking
[2025-10-27T03:25:53.924+0000][gc,marking   ] GC(2) Concurrent Mark From Roots 92,126ms
[2025-10-27T03:25:53.924+0000][gc,marking   ] GC(2) Concurrent Preclean
[2025-10-27T03:25:53.924+0000][gc,marking   ] GC(2) Concurrent Preclean 0,214ms
[2025-10-27T03:25:53.924+0000][gc,marking   ] GC(2) Concurrent Mark (12,829s, 12,922s) 92,483ms
[2025-10-27T03:25:53.927+0000][gc,start     ] GC(2) Pause Remark
[2025-10-27T03:25:53.968+0000][gc,stringtable] GC(2) Cleaned string and symbol table, strings: 9695 processed, 0 removed, symbols: 53520 processed, 46 removed
[2025-10-27T03:25:53.969+0000][gc,mmu        ] GC(2) MMU target violated: 21,0ms (20,0ms/21,0ms)
[2025-10-27T03:25:53.970+0000][gc            ] GC(2) Pause Remark 9M->9M(1024M) 42,676ms
[2025-10-27T03:25:53.970+0000][gc,cpu        ] GC(2) User=0,05s Sys=0,00s Real=0,04s
[2025-10-27T03:25:53.970+0000][gc,marking    ] GC(2) Concurrent Rebuild Remembered Sets
[2025-10-27T03:25:54.007+0000][gc,marking    ] GC(2) Concurrent Rebuild Remembered Sets 37,599ms
[2025-10-27T03:25:54.011+0000][gc,start      ] GC(2) Pause Cleanup
[2025-10-27T03:25:54.012+0000][gc            ] GC(2) Pause Cleanup 9M->9M(1024M) 0,998ms
[2025-10-27T03:25:54.012+0000][gc,cpu        ] GC(2) User=0,00s Sys=0,00s Real=0,01s
[2025-10-27T03:25:54.014+0000][gc,marking    ] GC(2) Concurrent Cleanup for Next Mark
[2025-10-27T03:25:54.158+0000][gc,marking    ] GC(2) Concurrent Cleanup for Next Mark 143,952ms
[2025-10-27T03:25:54.158+0000][gc            ] GC(2) Concurrent Cycle 341,457ms
[2025-10-27T03:26:00.450+0000][gc,start      ] GC(3) Pause Young (Normal) (G1 Evacuation Pause)
[2025-10-27T03:26:00.450+0000][gc,task       ] GC(3) Using 1 workers of 1 for evacuation
[2025-10-27T03:26:00.489+0000][gc,mmu        ] GC(3) MMU target violated: 21,0ms (20,0ms/21,0ms)
[2025-10-27T03:26:00.489+0000][gc,phases     ] GC(3)   Pre Evacuate Collection Set: 0,3ms
[2025-10-27T03:26:00.489+0000][gc,phases     ] GC(3)   Evacuate Collection Set: 37,3ms
[2025-10-27T03:26:00.489+0000][gc,phases     ] GC(3)   Post Evacuate Collection Set: 1,0ms
[2025-10-27T03:26:00.489+0000][gc,phases     ] GC(3)   Other: 1,1ms
[2025-10-27T03:26:00.489+0000][gc,heap       ] GC(3) Eden regions: 50->0(46)
[2025-10-27T03:26:00.489+0000][gc,heap       ] GC(3) Survivor regions: 1->5(7)
[2025-10-27T03:26:00.489+0000][gc,heap       ] GC(3) Old regions: 8->8
[2025-10-27T03:26:00.489+0000][gc,heap       ] GC(3) Humongous regions: 129->129
[2025-10-27T03:26:00.489+0000][gc,metaspace  ] GC(3) Metaspace: 28368K(29696K)->28368K(29696K) NonClass: 25069K(25856K)->25069K(25856K) Class: 3298K(3840K)->3298K(3840K)
[2025-10-27T03:26:00.489+0000][gc            ] GC(3) Pause Young (Normal) (G1 Evacuation Pause) 187M->140M(1024M) 39,896ms
[2025-10-27T03:26:00.489+0000][gc,cpu        ] GC(3) User=0,03s Sys=0,00s Real=0,04s
[2025-10-27T03:26:04.390+0000][gc,start      ] GC(4) Pause Young (Concurrent Start) (Metadata GC Threshold)
[2025-10-27T03:26:04.390+0000][gc,task       ] GC(4) Using 1 workers of 1 for evacuation
[2025-10-27T03:26:04.478+0000][gc,mmu        ] GC(4) MMU target violated: 21,0ms (20,0ms/21,0ms)
[2025-10-27T03:26:04.478+0000][gc,phases     ] GC(4)   Pre Evacuate Collection Set: 0,3ms
[2025-10-27T03:26:04.478+0000][gc,phases     ] GC(4)   Evacuate Collection Set: 84,9ms
[2025-10-27T03:26:04.478+0000][gc,phases     ] GC(4)   Post Evacuate Collection Set: 0,9ms
[2025-10-27T03:26:04.478+0000][gc,phases     ] GC(4)   Other: 2,2ms
[2025-10-27T03:26:04.479+0000][gc,heap       ] GC(4) Eden regions: 33->0(48)
[2025-10-27T03:26:04.479+0000][gc,heap       ] GC(4) Survivor regions: 5->3(7)
[2025-10-27T03:26:04.479+0000][gc,heap       ] GC(4) Old regions: 8->12
[2025-10-27T03:26:04.479+0000][gc,heap       ] GC(4) Humongous regions: 129->129
[2025-10-27T03:26:04.479+0000][gc,metaspace  ] GC(4) Metaspace: 34424K(35840K)->34424K(35840K) NonClass: 30425K(31232K)->30425K(31232K) Class: 3999K(4608K)->3999K(4608K)
[2025-10-27T03:26:04.479+0000][gc            ] GC(4) Pause Young (Concurrent Start) (Metadata GC Threshold) 173M->143M(1024M) 88,715ms
[2025-10-27T03:26:04.479+0000][gc,cpu        ] GC(4) User=0,08s Sys=0,02s Real=0,09s
[2025-10-27T03:26:04.479+0000][gc            ] GC(5) Concurrent Cycle
[2025-10-27T03:26:04.479+0000][gc,marking    ] GC(5) Concurrent Clear Claimed Marks
[2025-10-27T03:26:04.479+0000][gc,marking    ] GC(5) Concurrent Clear Claimed Marks 0,213ms
[2025-10-27T03:26:04.479+0000][gc,marking    ] GC(5) Concurrent Scan Root Regions
[2025-10-27T03:26:04.518+0000][gc,marking    ] GC(5) Concurrent Scan Root Regions 38,591ms
[2025-10-27T03:26:04.518+0000][gc,marking    ] GC(5) Concurrent Mark (23,515s)
[2025-10-27T03:26:04.518+0000][gc,marking    ] GC(5) Concurrent Mark From Roots
[2025-10-27T03:26:04.518+0000][gc,task       ] GC(5) Using 1 workers of 1 for marking
[2025-10-27T03:26:04.968+0000][gc,marking    ] GC(5) Concurrent Mark From Roots 449,840ms
[2025-10-27T03:26:04.968+0000][gc,marking    ] GC(5) Concurrent Preclean
[2025-10-27T03:26:04.968+0000][gc,marking    ] GC(5) Concurrent Preclean 0,209ms
[2025-10-27T03:26:04.968+0000][gc,marking    ] GC(5) Concurrent Mark (23,515s, 23,966s) 450,184ms
[2025-10-27T03:26:04.973+0000][gc,start      ] GC(5) Pause Remark
[2025-10-27T03:26:05.060+0000][gc,stringtable] GC(5) Cleaned string and symbol table, strings: 14611 processed, 11 removed, symbols: 86607 processed, 14 removed
[2025-10-27T03:26:05.062+0000][gc,mmu        ] GC(5) MMU target violated: 21,0ms (20,0ms/21,0ms)
[2025-10-27T03:26:05.062+0000][gc            ] GC(5) Pause Remark 148M->148M(1024M) 89,351ms
[2025-10-27T03:26:05.063+0000][gc,cpu        ] GC(5) User=0,08s Sys=0,00s Real=0,09s
[2025-10-27T03:26:05.069+0000][gc,marking    ] GC(5) Concurrent Rebuild Remembered Sets
[2025-10-27T03:26:05.207+0000][gc,marking    ] GC(5) Concurrent Rebuild Remembered Sets 138,048ms
[2025-10-27T03:26:05.215+0000][gc,start      ] GC(5) Pause Cleanup
[2025-10-27T03:26:05.216+0000][gc            ] GC(5) Pause Cleanup 149M->149M(1024M) 1,806ms
[2025-10-27T03:26:05.217+0000][gc,cpu        ] GC(5) User=0,00s Sys=0,00s Real=0,00s
[2025-10-27T03:26:05.217+0000][gc,marking    ] GC(5) Concurrent Cleanup for Next Mark
[2025-10-27T03:26:05.517+0000][gc,marking    ] GC(5) Concurrent Cleanup for Next Mark 300,349ms
[2025-10-27T03:26:05.517+0000][gc            ] GC(5) Concurrent Cycle 1038,319ms
[2025-10-27T03:55:24.195+0000][gc,start      ] GC(6) Pause Young (Concurrent Start) (G1 Evacuation Pause)
[2025-10-27T03:55:24.195+0000][gc,task       ] GC(6) Using 1 workers of 1 for evacuation
[2025-10-27T03:55:24.280+0000][gc,mmu        ] GC(6) MMU target violated: 21,0ms (20,0ms/21,0ms)
[2025-10-27T03:55:24.280+0000][gc,phases     ] GC(6)   Pre Evacuate Collection Set: 0,6ms
[2025-10-27T03:55:24.280+0000][gc,phases     ] GC(6)   Evacuate Collection Set: 67,0ms
[2025-10-27T03:55:24.280+0000][gc,phases     ] GC(6)   Post Evacuate Collection Set: 16,6ms
[2025-10-27T03:55:24.281+0000][gc,phases     ] GC(6)   Other: 1,1ms
[2025-10-27T03:55:24.281+0000][gc,heap       ] GC(6) Eden regions: 48->0(47)
[2025-10-27T03:55:24.281+0000][gc,heap       ] GC(6) Survivor regions: 3->4(7)
[2025-10-27T03:55:24.281+0000][gc,heap       ] GC(6) Old regions: 12->12
[2025-10-27T03:55:24.281+0000][gc,heap       ] GC(6) Humongous regions: 129->129
[2025-10-27T03:55:24.281+0000][gc,metaspace  ] GC(6) Metaspace: 40022K(42316K)->40022K(42316K) NonClass: 34893K(36044K)->34893K(36044K) Class: 5129K(6272K)->5129K(6272K)
[2025-10-27T03:55:24.281+0000][gc            ] GC(6) Pause Young (Concurrent Start) (G1 Evacuation Pause) 191M->144M(1024M) 85,562ms
[2025-10-27T03:55:24.281+0000][gc,cpu        ] GC(6) User=0,08s Sys=0,00s Real=0,08s
[2025-10-27T03:55:24.281+0000][gc            ] GC(7) Concurrent Cycle
[2025-10-27T03:55:24.281+0000][gc,marking    ] GC(7) Concurrent Clear Claimed Marks
[2025-10-27T03:55:24.281+0000][gc,marking    ] GC(7) Concurrent Clear Claimed Marks 0,375ms
[2025-10-27T03:55:24.282+0000][gc,marking    ] GC(7) Concurrent Scan Root Regions
[2025-10-27T03:55:24.341+0000][gc,marking    ] GC(7) Concurrent Scan Root Regions 59,893ms
[2025-10-27T03:55:24.342+0000][gc,marking    ] GC(7) Concurrent Mark (1783,339s)
[2025-10-27T03:55:24.342+0000][gc,marking    ] GC(7) Concurrent Mark From Roots
[2025-10-27T03:55:24.342+0000][gc,task       ] GC(7) Using 1 workers of 1 for marking
[2025-10-27T03:55:24.428+0000][gc,marking    ] GC(7) Concurrent Mark From Roots 86,493ms
[2025-10-27T03:55:24.428+0000][gc,marking    ] GC(7) Concurrent Preclean
[2025-10-27T03:55:24.429+0000][gc,marking    ] GC(7) Concurrent Preclean 0,530ms
[2025-10-27T03:55:24.429+0000][gc,marking    ] GC(7) Concurrent Mark (1783,339s, 1783,426s) 87,223ms
[2025-10-27T03:55:24.429+0000][gc,start      ] GC(7) Pause Remark
[2025-10-27T03:55:24.524+0000][gc,stringtable] GC(7) Cleaned string and symbol table, strings: 15468 processed, 251 removed, symbols: 92884 processed, 3 removed
[2025-10-27T03:55:24.526+0000][gc,mmu        ] GC(7) MMU target violated: 21,0ms (20,0ms/21,0ms)
[2025-10-27T03:55:24.526+0000][gc            ] GC(7) Pause Remark 145M->145M(1024M) 96,866ms
[2025-10-27T03:55:24.526+0000][gc,cpu        ] GC(7) User=0,09s Sys=0,00s Real=0,10s
[2025-10-27T03:55:24.526+0000][gc,marking    ] GC(7) Concurrent Rebuild Remembered Sets
[2025-10-27T03:55:24.560+0000][gc,marking    ] GC(7) Concurrent Rebuild Remembered Sets 33,666ms
[2025-10-27T03:55:24.561+0000][gc,start      ] GC(7) Pause Cleanup
[2025-10-27T03:55:24.562+0000][gc            ] GC(7) Pause Cleanup 145M->145M(1024M) 0,871ms
[2025-10-27T03:55:24.562+0000][gc,cpu        ] GC(7) User=0,00s Sys=0,00s Real=0,00s
[2025-10-27T03:55:24.562+0000][gc,marking    ] GC(7) Concurrent Cleanup for Next Mark
[2025-10-27T03:55:24.577+0000][gc,marking    ] GC(7) Concurrent Cleanup for Next Mark 15,379ms
[2025-10-27T03:55:24.577+0000][gc            ] GC(7) Concurrent Cycle 296,230ms
[2025-10-27T04:48:23.436+0000][gc,start      ] GC(8) Pause Young (Normal) (G1 Evacuation Pause)
[2025-10-27T04:48:23.436+0000][gc,task       ] GC(8) Using 1 workers of 1 for evacuation
[2025-10-27T04:48:23.493+0000][gc,mmu        ] GC(8) MMU target violated: 21,0ms (20,0ms/21,0ms)
[2025-10-27T04:48:23.494+0000][gc,phases     ] GC(8)   Pre Evacuate Collection Set: 0,1ms
[2025-10-27T04:48:23.494+0000][gc,phases     ] GC(8)   Evacuate Collection Set: 53,2ms
[2025-10-27T04:48:23.494+0000][gc,phases     ] GC(8)   Post Evacuate Collection Set: 1,8ms
[2025-10-27T04:48:23.494+0000][gc,phases     ] GC(8)   Other: 2,2ms
[2025-10-27T04:48:23.494+0000][gc,heap       ] GC(8) Eden regions: 47->0(47)
[2025-10-27T04:48:23.494+0000][gc,heap       ] GC(8) Survivor regions: 4->4(7)
[2025-10-27T04:48:23.494+0000][gc,heap       ] GC(8) Old regions: 12->12
[2025-10-27T04:48:23.494+0000][gc,heap       ] GC(8) Humongous regions: 129->129
[2025-10-27T04:48:23.494+0000][gc,metaspace  ] GC(8) Metaspace: 40906K(43212K)->40906K(43212K) NonClass: 35703K(36812K)->35703K(36812K) Class: 5203K(6400K)->5203K(6400K)
[2025-10-27T04:48:23.494+0000][gc            ] GC(8) Pause Young (Normal) (G1 Evacuation Pause) 191M->144M(1024M) 57,605ms
[2025-10-27T04:48:23.494+0000][gc,cpu        ] GC(8) User=0,05s Sys=0,00s Real=0,06s
[2025-10-27T05:27:21.507+0000][gc,start      ] GC(9) Pause Young (Normal) (G1 Evacuation Pause)
[2025-10-27T05:27:21.508+0000][gc,task       ] GC(9) Using 1 workers of 1 for evacuation
[2025-10-27T05:27:21.591+0000][gc,mmu        ] GC(9) MMU target violated: 21,0ms (20,0ms/21,0ms)
[2025-10-27T05:27:21.593+0000][gc,phases     ] GC(9)   Pre Evacuate Collection Set: 0,3ms
[2025-10-27T05:27:21.593+0000][gc,phases     ] GC(9)   Evacuate Collection Set: 79,0ms
[2025-10-27T05:27:21.593+0000][gc,phases     ] GC(9)   Post Evacuate Collection Set: 2,9ms
[2025-10-27T05:27:21.594+0000][gc,phases     ] GC(9)   Other: 4,7ms
[2025-10-27T05:27:21.594+0000][gc,heap       ] GC(9) Eden regions: 47->0(49)
[2025-10-27T05:27:21.594+0000][gc,heap       ] GC(9) Survivor regions: 4->2(7)
[2025-10-27T05:27:21.594+0000][gc,heap       ] GC(9) Old regions: 12->14
[2025-10-27T05:27:21.594+0000][gc,heap       ] GC(9) Humongous regions: 129->129
[2025-10-27T05:27:21.594+0000][gc,metaspace  ] GC(9) Metaspace: 41675K(44236K)->41675K(44236K) NonClass: 36472K(37836K)->36472K(37836K) Class: 5203K(6400K)->5203K(6400K)
[2025-10-27T05:27:21.594+0000][gc            ] GC(9) Pause Young (Normal) (G1 Evacuation Pause) 191M->144M(1024M) 87,147ms
[2025-10-27T05:27:21.594+0000][gc,cpu        ] GC(9) User=0,05s Sys=0,02s Real=0,09s
[2025-10-27T06:07:44.194+0000][gc,start      ] GC(10) Pause Young (Normal) (G1 Evacuation Pause)
[2025-10-27T06:07:44.196+0000][gc,task       ] GC(10) Using 1 workers of 1 for evacuation
[2025-10-27T06:07:44.242+0000][gc,mmu        ] GC(10) MMU target violated: 21,0ms (20,0ms/21,0ms)
[2025-10-27T06:07:44.242+0000][gc,phases     ] GC(10)   Pre Evacuate Collection Set: 0,3ms
[2025-10-27T06:07:44.242+0000][gc,phases     ] GC(10)   Evacuate Collection Set: 44,4ms
[2025-10-27T06:07:44.242+0000][gc,phases     ] GC(10)   Post Evacuate Collection Set: 1,2ms
[2025-10-27T06:07:44.242+0000][gc,phases     ] GC(10)   Other: 2,0ms
[2025-10-27T06:07:44.243+0000][gc,heap       ] GC(10) Eden regions: 49->0(49)
[2025-10-27T06:07:44.243+0000][gc,heap       ] GC(10) Survivor regions: 2->2(7)
[2025-10-27T06:07:44.243+0000][gc,heap       ] GC(10) Old regions: 14->14
[2025-10-27T06:07:44.243+0000][gc,heap       ] GC(10) Humongous regions: 129->129
[2025-10-27T06:07:44.243+0000][gc,metaspace  ] GC(10) Metaspace: 41769K(44236K)->41769K(44236K) NonClass: 36566K(37836K)->36566K(37836K) Class: 5203K(6400K)->5203K(6400K)
[2025-10-27T06:07:44.243+0000][gc            ] GC(10) Pause Young (Normal) (G1 Evacuation Pause) 193M->144M(1024M) 48,479ms
[2025-10-27T06:07:44.243+0000][gc,cpu        ] GC(10) User=0,03s Sys=0,00s Real=0,05s
[2025-10-27T06:18:26.087+0000][gc,heap,exit  ] Heap
[2025-10-27T06:18:26.089+0000][gc,heap,exit  ]  garbage-first heap   total 1048576K, used 161483K [0x00000000c0000000, 0x0000000100000000)
[2025-10-27T06:18:26.089+0000][gc,heap,exit  ]   region size 1024K, 17 young (17408K), 2 survivors (2048K)
[2025-10-27T06:18:26.090+0000][gc,heap,exit  ]  Metaspace       used 41940K, capacity 44227K, committed 44492K, reserved 1087488K
[2025-10-27T06:18:26.090+0000][gc,heap,exit  ]   class space    used 5246K, capacity 6364K, committed 6400K, reserved 1048576K
