[2025-10-27T23:34:16.211+0000][gc,heap] Heap region size: 1M
[2025-10-27T23:34:16.284+0000][gc     ] Using G1
[2025-10-27T23:34:16.284+0000][gc,heap,coops] Heap address: 0x00000000e0000000, size: 512 MB, Compressed Oops mode: 32-bit
[2025-10-27T23:34:24.024+0000][gc,start     ] GC(0) Pause Young (Normal) (G1 Evacuation Pause)
[2025-10-27T23:34:24.024+0000][gc,task      ] GC(0) Using 1 workers of 1 for evacuation
[2025-10-27T23:34:24.114+0000][gc,mmu       ] GC(0) MMU target violated: 21,0ms (20,0ms/21,0ms)
[2025-10-27T23:34:24.114+0000][gc,phases    ] GC(0)   Pre Evacuate Collection Set: 0,1ms
[2025-10-27T23:34:24.114+0000][gc,phases    ] GC(0)   Evacuate Collection Set: 88,0ms
[2025-10-27T23:34:24.114+0000][gc,phases    ] GC(0)   Post Evacuate Collection Set: 1,3ms
[2025-10-27T23:34:24.114+0000][gc,phases    ] GC(0)   Other: 0,7ms
[2025-10-27T23:34:24.114+0000][gc,heap      ] GC(0) Eden regions: 25->0(21)
[2025-10-27T23:34:24.114+0000][gc,heap      ] GC(0) Survivor regions: 0->4(4)
[2025-10-27T23:34:24.114+0000][gc,heap      ] GC(0) Old regions: 0->4
[2025-10-27T23:34:24.114+0000][gc,heap      ] GC(0) Humongous regions: 0->0
[2025-10-27T23:34:24.115+0000][gc,metaspace ] GC(0) Metaspace: 7118K(7680K)->7118K(7680K) NonClass: 6321K(6656K)->6321K(6656K) Class: 796K(1024K)->796K(1024K)
[2025-10-27T23:34:24.115+0000][gc           ] GC(0) Pause Young (Normal) (G1 Evacuation Pause) 25M->7M(512M) 90,400ms
[2025-10-27T23:34:24.115+0000][gc,cpu       ] GC(0) User=0,06s Sys=0,03s Real=0,09s
