[2025-10-27T17:50:04.931+0000][gc,heap] Heap region size: 1M
[2025-10-27T17:50:04.991+0000][gc     ] Using G1
[2025-10-27T17:50:04.991+0000][gc,heap,coops] Heap address: 0x00000000e0000000, size: 512 MB, Compressed Oops mode: 32-bit
[2025-10-27T17:50:11.830+0000][gc,start     ] GC(0) Pause Young (Normal) (G1 Evacuation Pause)
[2025-10-27T17:50:11.830+0000][gc,task      ] GC(0) Using 1 workers of 1 for evacuation
[2025-10-27T17:50:11.906+0000][gc,mmu       ] GC(0) MMU target violated: 21,0ms (20,0ms/21,0ms)
[2025-10-27T17:50:11.906+0000][gc,phases    ] GC(0)   Pre Evacuate Collection Set: 0,1ms
[2025-10-27T17:50:11.906+0000][gc,phases    ] GC(0)   Evacuate Collection Set: 73,7ms
[2025-10-27T17:50:11.906+0000][gc,phases    ] GC(0)   Post Evacuate Collection Set: 1,3ms
[2025-10-27T17:50:11.906+0000][gc,phases    ] GC(0)   Other: 1,3ms
[2025-10-27T17:50:11.906+0000][gc,heap      ] GC(0) Eden regions: 25->0(21)
[2025-10-27T17:50:11.906+0000][gc,heap      ] GC(0) Survivor regions: 0->4(4)
[2025-10-27T17:50:11.906+0000][gc,heap      ] GC(0) Old regions: 0->4
[2025-10-27T17:50:11.906+0000][gc,heap      ] GC(0) Humongous regions: 0->0
[2025-10-27T17:50:11.906+0000][gc,metaspace ] GC(0) Metaspace: 7114K(7680K)->7114K(7680K) NonClass: 6315K(6656K)->6315K(6656K) Class: 799K(1024K)->799K(1024K)
[2025-10-27T17:50:11.906+0000][gc           ] GC(0) Pause Young (Normal) (G1 Evacuation Pause) 25M->7M(512M) 76,601ms
[2025-10-27T17:50:11.906+0000][gc,cpu       ] GC(0) User=0,05s Sys=0,02s Real=0,08s
[2025-10-27T18:00:41.483+0000][gc,heap,exit ] Heap
[2025-10-27T18:00:41.483+0000][gc,heap,exit ]  garbage-first heap   total 524288K, used 14017K [0x00000000e0000000, 0x0000000100000000)
[2025-10-27T18:00:41.483+0000][gc,heap,exit ]   region size 1024K, 11 young (11264K), 4 survivors (4096K)
[2025-10-27T18:00:41.483+0000][gc,heap,exit ]  Metaspace       used 8227K, capacity 8652K, committed 8832K, reserved 1056768K
[2025-10-27T18:00:41.483+0000][gc,heap,exit ]   class space    used 923K, capacity 1063K, committed 1152K, reserved 1048576K
